{
  "version": "1.5.0",
  "plugins_used": [
    {
      "name": "ArtifactoryDetector"
    },
    {
      "name": "AWSKeyDetector"
    },
    {
      "name": "AzureStorageKeyDetector"
    },
    {
      "name": "Base64HighEntropyString",
      "limit": 4.5
    },
    {
      "name": "BasicAuthDetector"
    },
    {
      "name": "CloudantDetector"
    },
    {
      "name": "DiscordBotTokenDetector"
    },
    {
      "name": "GitHubTokenDetector"
    },
    {
      "name": "GitLabTokenDetector"
    },
    {
      "name": "HexHighEntropyString",
      "limit": 3.0
    },
    {
      "name": "IbmCloudIamDetector"
    },
    {
      "name": "IbmCosHmacDetector"
    },
    {
      "name": "IPPublicDetector"
    },
    {
      "name": "JwtTokenDetector"
    },
    {
      "name": "KeywordDetector",
      "keyword_exclude": ""
    },
    {
      "name": "MailchimpDetector"
    },
    {
      "name": "NpmDetector"
    },
    {
      "name": "OpenAIDetector"
    },
    {
      "name": "PrivateKeyDetector"
    },
    {
      "name": "PypiTokenDetector"
    },
    {
      "name": "SendGridDetector"
    },
    {
      "name": "SlackDetector"
    },
    {
      "name": "SoftlayerDetector"
    },
    {
      "name": "SquareOAuthDetector"
    },
    {
      "name": "StripeDetector"
    },
    {
      "name": "TelegramBotTokenDetector"
    },
    {
      "name": "TwilioKeyDetector"
    }
  ],
  "filters_used": [
    {
      "path": "detect_secrets.filters.allowlist.is_line_allowlisted"
    },
    {
      "path": "detect_secrets.filters.common.is_ignored_due_to_verification_policies",
      "min_level": 2
    },
    {
      "path": "detect_secrets.filters.heuristic.is_indirect_reference"
    },
    {
      "path": "detect_secrets.filters.heuristic.is_likely_id_string"
    },
    {
      "path": "detect_secrets.filters.heuristic.is_lock_file"
    },
    {
      "path": "detect_secrets.filters.heuristic.is_not_alphanumeric_string"
    },
    {
      "path": "detect_secrets.filters.heuristic.is_potential_uuid"
    },
    {
      "path": "detect_secrets.filters.heuristic.is_prefixed_with_dollar_sign"
    },
    {
      "path": "detect_secrets.filters.heuristic.is_sequential_string"
    },
    {
      "path": "detect_secrets.filters.heuristic.is_swagger_file"
    },
    {
      "path": "detect_secrets.filters.heuristic.is_templated_secret"
    },
    {
      "path": "detect_secrets.filters.regex.should_exclude_file",
      "pattern": [
        "\\.env\\.example$",
        "node_modules",
        "\\.venv",
        "secrets\\.baseline"
      ]
    }
  ],
  "results": {
    "alembic.ini": [
      {
        "type": "Basic Auth Credentials",
        "filename": "alembic.ini",
        "hashed_secret": "9d4e1e23bd5b727046a9e3b4b7db57bd8d6ee684",
        "is_verified": false,
        "line_number": 4
      }
    ],
    "alembic/env.py": [
      {
        "type": "Basic Auth Credentials",
        "filename": "alembic/env.py",
        "hashed_secret": "9d4e1e23bd5b727046a9e3b4b7db57bd8d6ee684",
        "is_verified": false,
        "line_number": 34
      }
    ],
    "gateway/config_generator.py": [
      {
        "type": "Secret Keyword",
        "filename": "gateway/config_generator.py",
        "hashed_secret": "3277087fc3c099f45f9bffa236607265496282d1",
        "is_verified": false,
        "line_number": 240
      }
    ],
    "schemas/db.py": [
      {
        "type": "Secret Keyword",
        "filename": "schemas/db.py",
        "hashed_secret": "19a923931949a5f7e5cf1aea0c4b594c5211b39e",
        "is_verified": false,
        "line_number": 40
      }
    ],
    "tests/integration/test_env_setup_compose.py": [
      {
        "type": "Base64 High Entropy String",
        "filename": "tests/integration/test_env_setup_compose.py",
        "hashed_secret": "c93760a12e5d135b733673970f90da6629c6a4ed",
        "is_verified": false,
        "line_number": 85
      }
    ],
    "tests/integration/test_security_rotation.py": [
      {
        "type": "Secret Keyword",
        "filename": "tests/integration/test_security_rotation.py",
        "hashed_secret": "440342a23dafb6136a49e90098ea39e1f0d7d971",
        "is_verified": false,
        "line_number": 46
      },
      {
        "type": "Secret Keyword",
        "filename": "tests/integration/test_security_rotation.py",
        "hashed_secret": "18dc691ae43278234f287df891112b596da50f4a",
        "is_verified": false,
        "line_number": 112
      }
    ],
    "tests/integration/test_ui_integration.py": [
      {
        "type": "Secret Keyword",
        "filename": "tests/integration/test_ui_integration.py",
        "hashed_secret": "b6e479f25bf37aaa178d6016badf305423c61ab7",
        "is_verified": false,
        "line_number": 22
      }
    ],
    "tests/unit/test_config_generator.py": [
      {
        "type": "Secret Keyword",
        "filename": "tests/unit/test_config_generator.py",
        "hashed_secret": "c78c5f87d9cce08fd2080f2f619a75d443cf7877",
        "is_verified": false,
        "line_number": 134
      }
    ],
    "tests/unit/test_provider_credentials.py": [
      {
        "type": "Secret Keyword",
        "filename": "tests/unit/test_provider_credentials.py",
        "hashed_secret": "b4f796fe356098f0ea43b20e64cbafd688b1bad4",
        "is_verified": false,
        "line_number": 197
      },
      {
        "type": "Secret Keyword",
        "filename": "tests/unit/test_provider_credentials.py",
        "hashed_secret": "55d342cf3e040176933f8bb4769c4ea2108af601",
        "is_verified": false,
        "line_number": 210
      },
      {
        "type": "Secret Keyword",
        "filename": "tests/unit/test_provider_credentials.py",
        "hashed_secret": "9a167c0cdebb3cc2cd4315f693e5ec8f43520f01",
        "is_verified": false,
        "line_number": 222
      },
      {
        "type": "Secret Keyword",
        "filename": "tests/unit/test_provider_credentials.py",
        "hashed_secret": "0dff6e4b5c87cc61a08f2fb23da9b1f80797dd17",
        "is_verified": false,
        "line_number": 230
      }
    ],
    "tests/unit/test_ui.py": [
      {
        "type": "Secret Keyword",
        "filename": "tests/unit/test_ui.py",
        "hashed_secret": "b4f796fe356098f0ea43b20e64cbafd688b1bad4",
        "is_verified": false,
        "line_number": 93
      },
      {
        "type": "Secret Keyword",
        "filename": "tests/unit/test_ui.py",
        "hashed_secret": "6809ffccad03b80fa1fbc32c17e7e054805ec30b",
        "is_verified": false,
        "line_number": 98
      }
    ],
    "tests/unit/test_ui_security.py": [
      {
        "type": "Secret Keyword",
        "filename": "tests/unit/test_ui_security.py",
        "hashed_secret": "b4f796fe356098f0ea43b20e64cbafd688b1bad4",
        "is_verified": false,
        "line_number": 63
      },
      {
        "type": "Base64 High Entropy String",
        "filename": "tests/unit/test_ui_security.py",
        "hashed_secret": "16608ab700b4b4b851f1e457e9d8c97f74c6e332",
        "is_verified": false,
        "line_number": 96
      },
      {
        "type": "Secret Keyword",
        "filename": "tests/unit/test_ui_security.py",
        "hashed_secret": "2fc4059fbd948a6d56d7d5a0f62caedef7d1797a",
        "is_verified": false,
        "line_number": 115
      },
      {
        "type": "Secret Keyword",
        "filename": "tests/unit/test_ui_security.py",
        "hashed_secret": "d8ecf7db8fc9ec9c31bc5c9ae2929cc599c75f8d",
        "is_verified": false,
        "line_number": 134
      },
      {
        "type": "Secret Keyword",
        "filename": "tests/unit/test_ui_security.py",
        "hashed_secret": "210e512dbc80618b9dbc068ce9d6cb01fe11c295",
        "is_verified": false,
        "line_number": 148
      },
      {
        "type": "Secret Keyword",
        "filename": "tests/unit/test_ui_security.py",
        "hashed_secret": "a0f4ea7d91495df92bbac2e2149dfb850fe81396",
        "is_verified": false,
        "line_number": 159
      },
      {
        "type": "Secret Keyword",
        "filename": "tests/unit/test_ui_security.py",
        "hashed_secret": "d69fd2a921678ef7c51fd513cddd6620d657ef74",
        "is_verified": false,
        "line_number": 238
      },
      {
        "type": "Secret Keyword",
        "filename": "tests/unit/test_ui_security.py",
        "hashed_secret": "10131c9169e67c5b01887cbd4ab94a20d634fe53",
        "is_verified": false,
        "line_number": 326
      }
    ],
    "tests/unit/test_wizard.py": [
      {
        "type": "Secret Keyword",
        "filename": "tests/unit/test_wizard.py",
        "hashed_secret": "2105b17f96091dfaaf20329734a2ce8bff736398",
        "is_verified": false,
        "line_number": 38
      },
      {
        "type": "Secret Keyword",
        "filename": "tests/unit/test_wizard.py",
        "hashed_secret": "a3f4ef5c5caa73a6fe8278266d3e3f36a7c338f0",
        "is_verified": false,
        "line_number": 103
      },
      {
        "type": "Secret Keyword",
        "filename": "tests/unit/test_wizard.py",
        "hashed_secret": "92f08b0dba35960f4cfda8edf7727809cd6ee900",
        "is_verified": false,
        "line_number": 142
      },
      {
        "type": "Secret Keyword",
        "filename": "tests/unit/test_wizard.py",
        "hashed_secret": "ac977c3d5fe7cb93393623402b9adb2fb43583e3",
        "is_verified": false,
        "line_number": 144
      }
    ],
    "tests/unit/test_wizard_files.py": [
      {
        "type": "Secret Keyword",
        "filename": "tests/unit/test_wizard_files.py",
        "hashed_secret": "b0347b2e471f9e4922b171ba4e0aac2e60766303",
        "is_verified": false,
        "line_number": 18
      }
    ],
    "tests/unit/test_wizard_flags.py": [
      {
        "type": "Base64 High Entropy String",
        "filename": "tests/unit/test_wizard_flags.py",
        "hashed_secret": "9ce7ef63cba0829b53b34a7950ef61d5a67c135a",
        "is_verified": false,
        "line_number": 48
      }
    ],
    "ui/auth.py": [
      {
        "type": "Secret Keyword",
        "filename": "ui/auth.py",
        "hashed_secret": "f1a3886b961ce6352d2abbd309a73d57442a5acf",
        "is_verified": false,
        "line_number": 27
      },
      {
        "type": "Secret Keyword",
        "filename": "ui/auth.py",
        "hashed_secret": "9952a97c9ee13f5435ee4e8e7c671b59ab039d04",
        "is_verified": false,
        "line_number": 30
      }
    ]
  },
  "generated_at": "2026-08-29T19:44:40Z"
}
