{
  "version": "1.5.0",
  "plugins_used": [
    {
      "name": "ArtifactoryDetector"
    },
    {
      "name": "AWSKeyDetector"
    },
    {
      "name": "AzureStorageKeyDetector"
    },
    {
      "name": "Base64HighEntropyString",
      "limit": 4.5
    },
    {
      "name": "BasicAuthDetector"
    },
    {
      "name": "CloudantDetector"
    },
    {
      "name": "DiscordBotTokenDetector"
    },
    {
      "name": "GitHubTokenDetector"
    },
    {
      "name": "GitLabTokenDetector"
    },
    {
      "name": "HexHighEntropyString",
      "limit": 3.0
    },
    {
      "name": "IbmCloudIamDetector"
    },
    {
      "name": "IbmCosHmacDetector"
    },
    {
      "name": "IPPublicDetector"
    },
    {
      "name": "JwtTokenDetector"
    },
    {
      "name": "KeywordDetector",
      "keyword_exclude": ""
    },
    {
      "name": "MailchimpDetector"
    },
    {
      "name": "NpmDetector"
    },
    {
      "name": "OpenAIDetector"
    },
    {
      "name": "PrivateKeyDetector"
    },
    {
      "name": "PypiTokenDetector"
    },
    {
      "name": "SendGridDetector"
    },
    {
      "name": "SlackDetector"
    },
    {
      "name": "SoftlayerDetector"
    },
    {
      "name": "SquareOAuthDetector"
    },
    {
      "name": "StripeDetector"
    },
    {
      "name": "TelegramBotTokenDetector"
    },
    {
      "name": "TwilioKeyDetector"
    }
  ],
  "filters_used": [
    {
      "path": "detect_secrets.filters.allowlist.is_line_allowlisted"
    },
    {
      "path": "detect_secrets.filters.common.is_baseline_file",
      "filename": "secrets.baseline"
    },
    {
      "path": "detect_secrets.filters.common.is_ignored_due_to_verification_policies",
      "min_level": 2
    },
    {
      "path": "detect_secrets.filters.heuristic.is_indirect_reference"
    },
    {
      "path": "detect_secrets.filters.heuristic.is_likely_id_string"
    },
    {
      "path": "detect_secrets.filters.heuristic.is_lock_file"
    },
    {
      "path": "detect_secrets.filters.heuristic.is_not_alphanumeric_string"
    },
    {
      "path": "detect_secrets.filters.heuristic.is_potential_uuid"
    },
    {
      "path": "detect_secrets.filters.heuristic.is_prefixed_with_dollar_sign"
    },
    {
      "path": "detect_secrets.filters.heuristic.is_sequential_string"
    },
    {
      "path": "detect_secrets.filters.heuristic.is_swagger_file"
    },
    {
      "path": "detect_secrets.filters.heuristic.is_templated_secret"
    },
    {
      "path": "detect_secrets.filters.regex.should_exclude_file",
      "pattern": [
        "\\.env\\.example$",
        "\\.venv"
      ]
    }
  ],
  "results": {
    "README.md": [
      {
        "type": "Basic Auth Credentials",
        "filename": "README.md",
        "hashed_secret": "9d4e1e23bd5b727046a9e3b4b7db57bd8d6ee684",
        "is_verified": false,
        "line_number": 144
      }
    ],
    "alembic.ini": [
      {
        "type": "Basic Auth Credentials",
        "filename": "alembic.ini",
        "hashed_secret": "9d4e1e23bd5b727046a9e3b4b7db57bd8d6ee684",
        "is_verified": false,
        "line_number": 4
      }
    ],
    "alembic\\env.py": [
      {
        "type": "Basic Auth Credentials",
        "filename": "alembic\\env.py",
        "hashed_secret": "9d4e1e23bd5b727046a9e3b4b7db57bd8d6ee684",
        "is_verified": false,
        "line_number": 34
      }
    ],
    "docs\\architecture-review.md": [
      {
        "type": "Secret Keyword",
        "filename": "docs\\architecture-review.md",
        "hashed_secret": "acd92b081269c130f148715c222a4157e14115c0",
        "is_verified": false,
        "line_number": 138
      }
    ],
    "gateway\\config_generator.py": [
      {
        "type": "Secret Keyword",
        "filename": "gateway\\config_generator.py",
        "hashed_secret": "3277087fc3c099f45f9bffa236607265496282d1",
        "is_verified": false,
        "line_number": 238
      }
    ],
    "tests\\integration\\test_ui_integration.py": [
      {
        "type": "Secret Keyword",
        "filename": "tests\\integration\\test_ui_integration.py",
        "hashed_secret": "b6e479f25bf37aaa178d6016badf305423c61ab7",
        "is_verified": false,
        "line_number": 22
      }
    ],
    "tests\\unit\\test_config_generator.py": [
      {
        "type": "Secret Keyword",
        "filename": "tests\\unit\\test_config_generator.py",
        "hashed_secret": "c78c5f87d9cce08fd2080f2f619a75d443cf7877",
        "is_verified": false,
        "line_number": 130
      }
    ],
    "tests\\unit\\test_ui.py": [
      {
        "type": "Secret Keyword",
        "filename": "tests\\unit\\test_ui.py",
        "hashed_secret": "b4f796fe356098f0ea43b20e64cbafd688b1bad4",
        "is_verified": false,
        "line_number": 93
      },
      {
        "type": "Secret Keyword",
        "filename": "tests\\unit\\test_ui.py",
        "hashed_secret": "6809ffccad03b80fa1fbc32c17e7e054805ec30b",
        "is_verified": false,
        "line_number": 98
      }
    ],
    "tests\\unit\\test_wizard.py": [
      {
        "type": "Secret Keyword",
        "filename": "tests\\unit\\test_wizard.py",
        "hashed_secret": "2105b17f96091dfaaf20329734a2ce8bff736398",
        "is_verified": false,
        "line_number": 38
      },
      {
        "type": "Secret Keyword",
        "filename": "tests\\unit\\test_wizard.py",
        "hashed_secret": "a3f4ef5c5caa73a6fe8278266d3e3f36a7c338f0",
        "is_verified": false,
        "line_number": 103
      },
      {
        "type": "Secret Keyword",
        "filename": "tests\\unit\\test_wizard.py",
        "hashed_secret": "92f08b0dba35960f4cfda8edf7727809cd6ee900",
        "is_verified": false,
        "line_number": 142
      },
      {
        "type": "Secret Keyword",
        "filename": "tests\\unit\\test_wizard.py",
        "hashed_secret": "ac977c3d5fe7cb93393623402b9adb2fb43583e3",
        "is_verified": false,
        "line_number": 144
      }
    ],
    "tests\\unit\\test_wizard_files.py": [
      {
        "type": "Secret Keyword",
        "filename": "tests\\unit\\test_wizard_files.py",
        "hashed_secret": "b0347b2e471f9e4922b171ba4e0aac2e60766303",
        "is_verified": false,
        "line_number": 18
      }
    ],
    "ui\\auth.py": [
      {
        "type": "Secret Keyword",
        "filename": "ui\\auth.py",
        "hashed_secret": "f1a3886b961ce6352d2abbd309a73d57442a5acf",
        "is_verified": false,
        "line_number": 27
      },
      {
        "type": "Secret Keyword",
        "filename": "ui\\auth.py",
        "hashed_secret": "9952a97c9ee13f5435ee4e8e7c671b59ab039d04",
        "is_verified": false,
        "line_number": 30
      }
    ]
  },
  "generated_at": "2026-08-25T21:21:07Z"
}
